  Determining projects to restore...
  Restored C:\Users\mishk\Codingprojects\SpeakLite\HereWeGoAgain v3.3 Fuck\VoiceLite\VoiceLite\VoiceLite.csproj (in 155 ms).
  Restored C:\Users\mishk\Codingprojects\SpeakLite\HereWeGoAgain v3.3 Fuck\VoiceLite\VoiceLite.Tests\VoiceLite.Tests.csproj (in 155 ms).
C:\Users\mishk\Codingprojects\SpeakLite\HereWeGoAgain v3.3 Fuck\VoiceLite\VoiceLite\MainWindow.xaml.cs(971,30): error CS0122: 'AudioRecorder.isRecording' is inaccessible due to its protection level [C:\Users\mishk\Codingprojects\SpeakLite\HereWeGoAgain v3.3 Fuck\VoiceLite\VoiceLite\VoiceLite_1pivmfiq_wpftmp.csproj]
C:\Users\mishk\Codingprojects\SpeakLite\HereWeGoAgain v3.3 Fuck\VoiceLite\VoiceLite\MainWindow.xaml.cs(1000,34): error CS0122: 'AudioRecorder.isRecording' is inaccessible due to its protection level [C:\Users\mishk\Codingprojects\SpeakLite\HereWeGoAgain v3.3 Fuck\VoiceLite\VoiceLite\VoiceLite_1pivmfiq_wpftmp.csproj]
C:\Users\mishk\Codingprojects\SpeakLite\HereWeGoAgain v3.3 Fuck\VoiceLite\VoiceLite\MainWindow.xaml.cs(1224,47): error CS0122: 'AudioRecorder.isRecording' is inaccessible due to its protection level [C:\Users\mishk\Codingprojects\SpeakLite\HereWeGoAgain v3.3 Fuck\VoiceLite\VoiceLite\VoiceLite_1pivmfiq_wpftmp.csproj]
C:\Users\mishk\Codingprojects\SpeakLite\HereWeGoAgain v3.3 Fuck\VoiceLite\VoiceLite\MainWindow.xaml.cs(1238,30): error CS1061: 'SoundService' does not contain a definition for 'PlayFeedbackAsync' and no accessible extension method 'PlayFeedbackAsync' accepting a first argument of type 'SoundService' could be found (are you missing a using directive or an assembly reference?) [C:\Users\mishk\Codingprojects\SpeakLite\HereWeGoAgain v3.3 Fuck\VoiceLite\VoiceLite\VoiceLite_1pivmfiq_wpftmp.csproj]
C:\Users\mishk\Codingprojects\SpeakLite\HereWeGoAgain v3.3 Fuck\VoiceLite\VoiceLite\MainWindow.xaml.cs(1258,47): error CS0122: 'AudioRecorder.isRecording' is inaccessible due to its protection level [C:\Users\mishk\Codingprojects\SpeakLite\HereWeGoAgain v3.3 Fuck\VoiceLite\VoiceLite\VoiceLite_1pivmfiq_wpftmp.csproj]
C:\Users\mishk\Codingprojects\SpeakLite\HereWeGoAgain v3.3 Fuck\VoiceLite\VoiceLite\MainWindow.xaml.cs(1271,30): error CS1061: 'SoundService' does not contain a definition for 'PlayFeedbackAsync' and no accessible extension method 'PlayFeedbackAsync' accepting a first argument of type 'SoundService' could be found (are you missing a using directive or an assembly reference?) [C:\Users\mishk\Codingprojects\SpeakLite\HereWeGoAgain v3.3 Fuck\VoiceLite\VoiceLite\VoiceLite_1pivmfiq_wpftmp.csproj]
C:\Users\mishk\Codingprojects\SpeakLite\HereWeGoAgain v3.3 Fuck\VoiceLite\VoiceLite\MainWindow.xaml.cs(1299,47): error CS0122: 'AudioRecorder.isRecording' is inaccessible due to its protection level [C:\Users\mishk\Codingprojects\SpeakLite\HereWeGoAgain v3.3 Fuck\VoiceLite\VoiceLite\VoiceLite_1pivmfiq_wpftmp.csproj]
C:\Users\mishk\Codingprojects\SpeakLite\HereWeGoAgain v3.3 Fuck\VoiceLite\VoiceLite\MainWindow.xaml.cs(1314,30): error CS1061: 'SoundService' does not contain a definition for 'PlayFeedbackAsync' and no accessible extension method 'PlayFeedbackAsync' accepting a first argument of type 'SoundService' could be found (are you missing a using directive or an assembly reference?) [C:\Users\mishk\Codingprojects\SpeakLite\HereWeGoAgain v3.3 Fuck\VoiceLite\VoiceLite\VoiceLite_1pivmfiq_wpftmp.csproj]
C:\Users\mishk\Codingprojects\SpeakLite\HereWeGoAgain v3.3 Fuck\VoiceLite\VoiceLite\MainWindow.xaml.cs(1325,30): error CS1061: 'SoundService' does not contain a definition for 'PlayFeedbackAsync' and no accessible extension method 'PlayFeedbackAsync' accepting a first argument of type 'SoundService' could be found (are you missing a using directive or an assembly reference?) [C:\Users\mishk\Codingprojects\SpeakLite\HereWeGoAgain v3.3 Fuck\VoiceLite\VoiceLite\VoiceLite_1pivmfiq_wpftmp.csproj]
C:\Users\mishk\Codingprojects\SpeakLite\HereWeGoAgain v3.3 Fuck\VoiceLite\VoiceLite\Services\SimpleTelemetry.cs(300,13): warning CS0162: Unreachable code detected [C:\Users\mishk\Codingprojects\SpeakLite\HereWeGoAgain v3.3 Fuck\VoiceLite\VoiceLite\VoiceLite_1pivmfiq_wpftmp.csproj]
C:\Users\mishk\Codingprojects\SpeakLite\HereWeGoAgain v3.3 Fuck\VoiceLite\VoiceLite\Services\SimpleTelemetry.cs(357,13): warning CS0162: Unreachable code detected [C:\Users\mishk\Codingprojects\SpeakLite\HereWeGoAgain v3.3 Fuck\VoiceLite\VoiceLite\VoiceLite_1pivmfiq_wpftmp.csproj]
C:\Users\mishk\Codingprojects\SpeakLite\HereWeGoAgain v3.3 Fuck\VoiceLite\VoiceLite\MainWindow.xaml.cs(1561,42): error CS1061: 'SoundService' does not contain a definition for 'PlayFeedbackAsync' and no accessible extension method 'PlayFeedbackAsync' accepting a first argument of type 'SoundService' could be found (are you missing a using directive or an assembly reference?) [C:\Users\mishk\Codingprojects\SpeakLite\HereWeGoAgain v3.3 Fuck\VoiceLite\VoiceLite\VoiceLite_1pivmfiq_wpftmp.csproj]
C:\Users\mishk\Codingprojects\SpeakLite\HereWeGoAgain v3.3 Fuck\VoiceLite\VoiceLite\MainWindow.xaml.cs(1611,59): error CS1061: 'string' does not contain a definition for 'Text' and no accessible extension method 'Text' accepting a first argument of type 'string' could be found (are you missing a using directive or an assembly reference?) [C:\Users\mishk\Codingprojects\SpeakLite\HereWeGoAgain v3.3 Fuck\VoiceLite\VoiceLite\VoiceLite_1pivmfiq_wpftmp.csproj]
C:\Users\mishk\Codingprojects\SpeakLite\HereWeGoAgain v3.3 Fuck\VoiceLite\VoiceLite\MainWindow.xaml.cs(1613,57): error CS1061: 'string' does not contain a definition for 'Text' and no accessible extension method 'Text' accepting a first argument of type 'string' could be found (are you missing a using directive or an assembly reference?) [C:\Users\mishk\Codingprojects\SpeakLite\HereWeGoAgain v3.3 Fuck\VoiceLite\VoiceLite\VoiceLite_1pivmfiq_wpftmp.csproj]
C:\Users\mishk\Codingprojects\SpeakLite\HereWeGoAgain v3.3 Fuck\VoiceLite\VoiceLite\MainWindow.xaml.cs(1617,65): error CS1061: 'string' does not contain a definition for 'Text' and no accessible extension method 'Text' accepting a first argument of type 'string' could be found (are you missing a using directive or an assembly reference?) [C:\Users\mishk\Codingprojects\SpeakLite\HereWeGoAgain v3.3 Fuck\VoiceLite\VoiceLite\VoiceLite_1pivmfiq_wpftmp.csproj]
C:\Users\mishk\Codingprojects\SpeakLite\HereWeGoAgain v3.3 Fuck\VoiceLite\VoiceLite\MainWindow.xaml.cs(1617,40): error CS1061: 'TranscriptionHistoryService' does not contain a definition for 'AddTranscription' and no accessible extension method 'AddTranscription' accepting a first argument of type 'TranscriptionHistoryService' could be found (are you missing a using directive or an assembly reference?) [C:\Users\mishk\Codingprojects\SpeakLite\HereWeGoAgain v3.3 Fuck\VoiceLite\VoiceLite\VoiceLite_1pivmfiq_wpftmp.csproj]
C:\Users\mishk\Codingprojects\SpeakLite\HereWeGoAgain v3.3 Fuck\VoiceLite\VoiceLite\MainWindow.xaml.cs(1625,65): error CS1061: 'string' does not contain a definition for 'Text' and no accessible extension method 'Text' accepting a first argument of type 'string' could be found (are you missing a using directive or an assembly reference?) [C:\Users\mishk\Codingprojects\SpeakLite\HereWeGoAgain v3.3 Fuck\VoiceLite\VoiceLite\VoiceLite_1pivmfiq_wpftmp.csproj]
C:\Users\mishk\Codingprojects\SpeakLite\HereWeGoAgain v3.3 Fuck\VoiceLite\VoiceLite\MainWindow.xaml.cs(1634,48): error CS1061: 'string' does not contain a definition for 'Text' and no accessible extension method 'Text' accepting a first argument of type 'string' could be found (are you missing a using directive or an assembly reference?) [C:\Users\mishk\Codingprojects\SpeakLite\HereWeGoAgain v3.3 Fuck\VoiceLite\VoiceLite\VoiceLite_1pivmfiq_wpftmp.csproj]
C:\Users\mishk\Codingprojects\SpeakLite\HereWeGoAgain v3.3 Fuck\VoiceLite\VoiceLite\MainWindow.xaml.cs(1664,44): error CS0122: 'AudioRecorder.isRecording' is inaccessible due to its protection level [C:\Users\mishk\Codingprojects\SpeakLite\HereWeGoAgain v3.3 Fuck\VoiceLite\VoiceLite\VoiceLite_1pivmfiq_wpftmp.csproj]
C:\Users\mishk\Codingprojects\SpeakLite\HereWeGoAgain v3.3 Fuck\VoiceLite\VoiceLite\MainWindow.xaml.cs(43,42): warning CS0649: Field 'MainWindow.recordingCancellation' is never assigned to, and will always have its default value null [C:\Users\mishk\Codingprojects\SpeakLite\HereWeGoAgain v3.3 Fuck\VoiceLite\VoiceLite\VoiceLite_1pivmfiq_wpftmp.csproj]

Build FAILED.

C:\Users\mishk\Codingprojects\SpeakLite\HereWeGoAgain v3.3 Fuck\VoiceLite\VoiceLite\Services\SimpleTelemetry.cs(300,13): warning CS0162: Unreachable code detected [C:\Users\mishk\Codingprojects\SpeakLite\HereWeGoAgain v3.3 Fuck\VoiceLite\VoiceLite\VoiceLite_1pivmfiq_wpftmp.csproj]
C:\Users\mishk\Codingprojects\SpeakLite\HereWeGoAgain v3.3 Fuck\VoiceLite\VoiceLite\Services\SimpleTelemetry.cs(357,13): warning CS0162: Unreachable code detected [C:\Users\mishk\Codingprojects\SpeakLite\HereWeGoAgain v3.3 Fuck\VoiceLite\VoiceLite\VoiceLite_1pivmfiq_wpftmp.csproj]
C:\Users\mishk\Codingprojects\SpeakLite\HereWeGoAgain v3.3 Fuck\VoiceLite\VoiceLite\MainWindow.xaml.cs(43,42): warning CS0649: Field 'MainWindow.recordingCancellation' is never assigned to, and will always have its default value null [C:\Users\mishk\Codingprojects\SpeakLite\HereWeGoAgain v3.3 Fuck\VoiceLite\VoiceLite\VoiceLite_1pivmfiq_wpftmp.csproj]
C:\Users\mishk\Codingprojects\SpeakLite\HereWeGoAgain v3.3 Fuck\VoiceLite\VoiceLite\MainWindow.xaml.cs(971,30): error CS0122: 'AudioRecorder.isRecording' is inaccessible due to its protection level [C:\Users\mishk\Codingprojects\SpeakLite\HereWeGoAgain v3.3 Fuck\VoiceLite\VoiceLite\VoiceLite_1pivmfiq_wpftmp.csproj]
C:\Users\mishk\Codingprojects\SpeakLite\HereWeGoAgain v3.3 Fuck\VoiceLite\VoiceLite\MainWindow.xaml.cs(1000,34): error CS0122: 'AudioRecorder.isRecording' is inaccessible due to its protection level [C:\Users\mishk\Codingprojects\SpeakLite\HereWeGoAgain v3.3 Fuck\VoiceLite\VoiceLite\VoiceLite_1pivmfiq_wpftmp.csproj]
C:\Users\mishk\Codingprojects\SpeakLite\HereWeGoAgain v3.3 Fuck\VoiceLite\VoiceLite\MainWindow.xaml.cs(1224,47): error CS0122: 'AudioRecorder.isRecording' is inaccessible due to its protection level [C:\Users\mishk\Codingprojects\SpeakLite\HereWeGoAgain v3.3 Fuck\VoiceLite\VoiceLite\VoiceLite_1pivmfiq_wpftmp.csproj]
C:\Users\mishk\Codingprojects\SpeakLite\HereWeGoAgain v3.3 Fuck\VoiceLite\VoiceLite\MainWindow.xaml.cs(1238,30): error CS1061: 'SoundService' does not contain a definition for 'PlayFeedbackAsync' and no accessible extension method 'PlayFeedbackAsync' accepting a first argument of type 'SoundService' could be found (are you missing a using directive or an assembly reference?) [C:\Users\mishk\Codingprojects\SpeakLite\HereWeGoAgain v3.3 Fuck\VoiceLite\VoiceLite\VoiceLite_1pivmfiq_wpftmp.csproj]
C:\Users\mishk\Codingprojects\SpeakLite\HereWeGoAgain v3.3 Fuck\VoiceLite\VoiceLite\MainWindow.xaml.cs(1258,47): error CS0122: 'AudioRecorder.isRecording' is inaccessible due to its protection level [C:\Users\mishk\Codingprojects\SpeakLite\HereWeGoAgain v3.3 Fuck\VoiceLite\VoiceLite\VoiceLite_1pivmfiq_wpftmp.csproj]
C:\Users\mishk\Codingprojects\SpeakLite\HereWeGoAgain v3.3 Fuck\VoiceLite\VoiceLite\MainWindow.xaml.cs(1271,30): error CS1061: 'SoundService' does not contain a definition for 'PlayFeedbackAsync' and no accessible extension method 'PlayFeedbackAsync' accepting a first argument of type 'SoundService' could be found (are you missing a using directive or an assembly reference?) [C:\Users\mishk\Codingprojects\SpeakLite\HereWeGoAgain v3.3 Fuck\VoiceLite\VoiceLite\VoiceLite_1pivmfiq_wpftmp.csproj]
C:\Users\mishk\Codingprojects\SpeakLite\HereWeGoAgain v3.3 Fuck\VoiceLite\VoiceLite\MainWindow.xaml.cs(1299,47): error CS0122: 'AudioRecorder.isRecording' is inaccessible due to its protection level [C:\Users\mishk\Codingprojects\SpeakLite\HereWeGoAgain v3.3 Fuck\VoiceLite\VoiceLite\VoiceLite_1pivmfiq_wpftmp.csproj]
C:\Users\mishk\Codingprojects\SpeakLite\HereWeGoAgain v3.3 Fuck\VoiceLite\VoiceLite\MainWindow.xaml.cs(1314,30): error CS1061: 'SoundService' does not contain a definition for 'PlayFeedbackAsync' and no accessible extension method 'PlayFeedbackAsync' accepting a first argument of type 'SoundService' could be found (are you missing a using directive or an assembly reference?) [C:\Users\mishk\Codingprojects\SpeakLite\HereWeGoAgain v3.3 Fuck\VoiceLite\VoiceLite\VoiceLite_1pivmfiq_wpftmp.csproj]
C:\Users\mishk\Codingprojects\SpeakLite\HereWeGoAgain v3.3 Fuck\VoiceLite\VoiceLite\MainWindow.xaml.cs(1325,30): error CS1061: 'SoundService' does not contain a definition for 'PlayFeedbackAsync' and no accessible extension method 'PlayFeedbackAsync' accepting a first argument of type 'SoundService' could be found (are you missing a using directive or an assembly reference?) [C:\Users\mishk\Codingprojects\SpeakLite\HereWeGoAgain v3.3 Fuck\VoiceLite\VoiceLite\VoiceLite_1pivmfiq_wpftmp.csproj]
C:\Users\mishk\Codingprojects\SpeakLite\HereWeGoAgain v3.3 Fuck\VoiceLite\VoiceLite\MainWindow.xaml.cs(1561,42): error CS1061: 'SoundService' does not contain a definition for 'PlayFeedbackAsync' and no accessible extension method 'PlayFeedbackAsync' accepting a first argument of type 'SoundService' could be found (are you missing a using directive or an assembly reference?) [C:\Users\mishk\Codingprojects\SpeakLite\HereWeGoAgain v3.3 Fuck\VoiceLite\VoiceLite\VoiceLite_1pivmfiq_wpftmp.csproj]
C:\Users\mishk\Codingprojects\SpeakLite\HereWeGoAgain v3.3 Fuck\VoiceLite\VoiceLite\MainWindow.xaml.cs(1611,59): error CS1061: 'string' does not contain a definition for 'Text' and no accessible extension method 'Text' accepting a first argument of type 'string' could be found (are you missing a using directive or an assembly reference?) [C:\Users\mishk\Codingprojects\SpeakLite\HereWeGoAgain v3.3 Fuck\VoiceLite\VoiceLite\VoiceLite_1pivmfiq_wpftmp.csproj]
C:\Users\mishk\Codingprojects\SpeakLite\HereWeGoAgain v3.3 Fuck\VoiceLite\VoiceLite\MainWindow.xaml.cs(1613,57): error CS1061: 'string' does not contain a definition for 'Text' and no accessible extension method 'Text' accepting a first argument of type 'string' could be found (are you missing a using directive or an assembly reference?) [C:\Users\mishk\Codingprojects\SpeakLite\HereWeGoAgain v3.3 Fuck\VoiceLite\VoiceLite\VoiceLite_1pivmfiq_wpftmp.csproj]
C:\Users\mishk\Codingprojects\SpeakLite\HereWeGoAgain v3.3 Fuck\VoiceLite\VoiceLite\MainWindow.xaml.cs(1617,65): error CS1061: 'string' does not contain a definition for 'Text' and no accessible extension method 'Text' accepting a first argument of type 'string' could be found (are you missing a using directive or an assembly reference?) [C:\Users\mishk\Codingprojects\SpeakLite\HereWeGoAgain v3.3 Fuck\VoiceLite\VoiceLite\VoiceLite_1pivmfiq_wpftmp.csproj]
C:\Users\mishk\Codingprojects\SpeakLite\HereWeGoAgain v3.3 Fuck\VoiceLite\VoiceLite\MainWindow.xaml.cs(1617,40): error CS1061: 'TranscriptionHistoryService' does not contain a definition for 'AddTranscription' and no accessible extension method 'AddTranscription' accepting a first argument of type 'TranscriptionHistoryService' could be found (are you missing a using directive or an assembly reference?) [C:\Users\mishk\Codingprojects\SpeakLite\HereWeGoAgain v3.3 Fuck\VoiceLite\VoiceLite\VoiceLite_1pivmfiq_wpftmp.csproj]
C:\Users\mishk\Codingprojects\SpeakLite\HereWeGoAgain v3.3 Fuck\VoiceLite\VoiceLite\MainWindow.xaml.cs(1625,65): error CS1061: 'string' does not contain a definition for 'Text' and no accessible extension method 'Text' accepting a first argument of type 'string' could be found (are you missing a using directive or an assembly reference?) [C:\Users\mishk\Codingprojects\SpeakLite\HereWeGoAgain v3.3 Fuck\VoiceLite\VoiceLite\VoiceLite_1pivmfiq_wpftmp.csproj]
C:\Users\mishk\Codingprojects\SpeakLite\HereWeGoAgain v3.3 Fuck\VoiceLite\VoiceLite\MainWindow.xaml.cs(1634,48): error CS1061: 'string' does not contain a definition for 'Text' and no accessible extension method 'Text' accepting a first argument of type 'string' could be found (are you missing a using directive or an assembly reference?) [C:\Users\mishk\Codingprojects\SpeakLite\HereWeGoAgain v3.3 Fuck\VoiceLite\VoiceLite\VoiceLite_1pivmfiq_wpftmp.csproj]
C:\Users\mishk\Codingprojects\SpeakLite\HereWeGoAgain v3.3 Fuck\VoiceLite\VoiceLite\MainWindow.xaml.cs(1664,44): error CS0122: 'AudioRecorder.isRecording' is inaccessible due to its protection level [C:\Users\mishk\Codingprojects\SpeakLite\HereWeGoAgain v3.3 Fuck\VoiceLite\VoiceLite\VoiceLite_1pivmfiq_wpftmp.csproj]
    3 Warning(s)
    17 Error(s)

Time Elapsed 00:00:01.47
